#-----------------------------------------------------------
# Vivado v2021.2 (64-bit)
# SW Build 3367213 on Tue Oct 19 02:47:39 MDT 2021
# IP Build 3369179 on Thu Oct 21 08:25:16 MDT 2021
# Start of session at: Mon Dec  6 11:01:03 2021
# Process ID: 84764
# Current directory: /home/chris/Projects_local/mips/tb/model/ftch_stg
# Command line: vivado -source open_waves.tcl
# Log file: /home/chris/Projects_local/mips/tb/model/ftch_stg/vivado.log
# Journal file: /home/chris/Projects_local/mips/tb/model/ftch_stg/vivado.jou
# Running On: loonam-server, OS: Linux, CPU Frequency: 3300.000 MHz, CPU Physical cores: 2, Host memory: 4025 MB
#-----------------------------------------------------------
start_gui
source open_waves.tcl
add_wave {{/tb_top/i_ftch_dec_intf/clk}} {{/tb_top/i_ftch_dec_intf/resetn}} {{/tb_top/i_ftch_dec_intf/ftch_dec_vld}} {{/tb_top/i_ftch_dec_intf/ftch_dec_rdy}} {{/tb_top/i_ftch_dec_intf/ftch_dec_pkt}} 
current_wave_config {Untitled 1}
add_wave {{/tb_top/i_ftch_imem_intf/ftch_imem_vld}} {{/tb_top/i_ftch_imem_intf/ftch_imem_pkt}} 
current_wave_config {Untitled 1}
add_wave {{/tb_top/i_imem_ftch_intf/imem_ftch_vld}} {{/tb_top/i_imem_ftch_intf/imem_ftch_pkt}} 
current_wave_config {Untitled 1}
add_wave {{/tb_top/i_mem_ftch_intf/mem_ftch_pkt}} 
open_wave_da
open_wave_database work.tb_top.wdb
add_wave {{/tb_top/i_ftch_dec_intf/clk}} {{/tb_top/i_ftch_dec_intf/resetn}} {{/tb_top/i_ftch_dec_intf/ftch_dec_vld}} {{/tb_top/i_ftch_dec_intf/ftch_dec_rdy}} {{/tb_top/i_ftch_dec_intf/ftch_dec_pkt}}
add_wave {{/tb_top/i_ftch_imem_intf/ftch_imem_vld}} {{/tb_top/i_ftch_imem_intf/ftch_imem_pkt}}
add_wave {{/tb_top/i_imem_ftch_intf/imem_ftch_vld}} {{/tb_top/i_imem_ftch_intf/imem_ftch_pkt}}
add_wave {{/tb_top/i_mem_ftch_intf/mem_ftch_pkt}}
open_wave_database work.tb_top.wdb
add_wave {{/tb_top/i_ftch_dec_intf/clk}} {{/tb_top/i_ftch_dec_intf/resetn}} {{/tb_top/i_ftch_dec_intf/ftch_dec_vld}} {{/tb_top/i_ftch_dec_intf/ftch_dec_rdy}} {{/tb_top/i_ftch_dec_intf/ftch_dec_pkt}}
add_wave {{/tb_top/i_ftch_imem_intf/ftch_imem_vld}} {{/tb_top/i_ftch_imem_intf/ftch_imem_pkt}}
add_wave {{/tb_top/i_mem_ftch_intf/mem_ftch_pkt}}
add_wave {{/tb_top/i_imem_ftch_intf/imem_ftch_vld}} {{/tb_top/i_imem_ftch_intf/imem_ftch_pkt}}
open_wave_database work.tb_top.wdb
add_wave {{/tb_top/i_ftch_dec_intf/clk}} {{/tb_top/i_ftch_dec_intf/resetn}} {{/tb_top/i_ftch_dec_intf/ftch_dec_vld}} {{/tb_top/i_ftch_dec_intf/ftch_dec_rdy}} {{/tb_top/i_ftch_dec_intf/ftch_dec_pkt}}
add_wave {{/tb_top/i_ftch_imem_intf/ftch_imem_vld}} {{/tb_top/i_ftch_imem_intf/ftch_imem_pkt}}
add_wave {{/tb_top/i_imem_ftch_intf/imem_ftch_vld}} {{/tb_top/i_imem_ftch_intf/imem_ftch_pkt}}
add_wave {{/tb_top/i_mem_ftch_intf/mem_ftch_pkt}}
open_wave_database work.tb_top.wdb; add_wave {{/tb_top/i_ftch_dec_intf/clk}} {{/tb_top/i_ftch_dec_intf/resetn}} {{/tb_top/i_ftch_dec_intf/ftch_dec_vld}} {{/tb_top/i_ftch_dec_intf/ftch_dec_rdy}} {{/tb_top/i_ftch_dec_intf/ftch_dec_pkt}}; add_wave {{/tb_top/i_ftch_imem_intf/ftch_imem_vld}} {{/tb_top/i_ftch_imem_intf/ftch_imem_pkt}};add_wave {{/tb_top/i_imem_ftch_intf/imem_ftch_vld}} {{/tb_top/i_imem_ftch_intf/imem_ftch_pkt}};add_wave {{/tb_top/i_mem_ftch_intf/mem_ftch_pkt}}
open_wave_database work.tb_top.wdb; add_wave {{/tb_top/i_ftch_dec_intf/clk}} {{/tb_top/i_ftch_dec_intf/resetn}} {{/tb_top/i_ftch_dec_intf/ftch_dec_vld}} {{/tb_top/i_ftch_dec_intf/ftch_dec_rdy}} {{/tb_top/i_ftch_dec_intf/ftch_dec_pkt}}; add_wave {{/tb_top/i_ftch_imem_intf/ftch_imem_vld}} {{/tb_top/i_ftch_imem_intf/ftch_imem_pkt}};add_wave {{/tb_top/i_imem_ftch_intf/imem_ftch_vld}} {{/tb_top/i_imem_ftch_intf/imem_ftch_pkt}};add_wave {{/tb_top/i_mem_ftch_intf/mem_ftch_pkt}}
close_sim
current_sim simulation_5
close_sim
current_sim simulation_4
close_sim
current_sim simulation_3
close_sim
current_sim simulation_2
close_sim
close_sim
